// Jest Snapshot v1, https://goo.gl/fbAQLP

exports[`<VectorAuthFooter /> should match snapshot 1`] = `
<DocumentFragment>
  <footer
    class="mx_AuthFooter"
    role="contentinfo"
  >
    <a
      href="https://element.io/blog"
      rel="noreferrer noopener"
      target="_blank"
    >
      Yoteqi
    </a>
    <a
      href="https://matrix.org"
      rel="noreferrer noopener"
      target="_blank"
    >
      Powered by Matrix
    </a>
  </footer>
</DocumentFragment>
`;
